// Jest Snapshot v1, https://goo.gl/fbAQLP

exports[`<FavoriteButton /> FavoriteButton snapshot 1`] = `
<Pressable
  onPress={[Function]}
  ref={null}
  style={
    {
      "alignItems": "center",
      "height": 48,
      "justifyContent": "center",
      "width": 48,
    }
  }
  testID="favorite-button"
>
  <View
    ref={null}
    style={{}}
  >
    <SymbolView
      name="star.fill"
      ref={null}
      resizeMode="scaleAspectFit"
      style={
        [
          {
            "height": 32,
            "width": 32,
          },
          undefined,
        ]
      }
      tintColor="#A7989D"
      weight="regular"
    />
  </View>
</Pressable>
`;
