// Jest Snapshot v1, https://goo.gl/fbAQLP

exports[`<HighlightText /> HighlightText snapshot 1`] = `
<Text
  ellipsizeMode="head"
  ref={null}
>
  <Text
    ref={null}
  />
  <Text
    ref={null}
    style={
      {
        "color": "#FF8EB6",
      }
    }
  >
    Hello
  </Text>
  <Text
    ref={null}
  >
     world
  </Text>
</Text>
`;
