// Jest Snapshot v1, https://goo.gl/fbAQLP

exports[`<IconSymbol /> IconSymbol snapshot (Android) 1`] = `
<MaterialIcons
  color="white"
  name="star"
  ref={null}
  size={28}
/>
`;

exports[`<IconSymbol /> IconSymbol snapshot (iOS) 1`] = `
<SymbolView
  name="star.fill"
  ref={null}
  resizeMode="scaleAspectFit"
  style={
    [
      {
        "height": 28,
        "width": 28,
      },
      undefined,
    ]
  }
  tintColor="white"
  weight="regular"
/>
`;
