// Jest Snapshot v1, https://goo.gl/fbAQLP

exports[`<SearchInput /> SearchInput snapshot 1`] = `
<View
  style={
    {
      "alignItems": "center",
      "flexDirection": "row",
      "gap": 8,
      "justifyContent": "center",
    }
  }
>
  <View
    style={
      {
        "alignItems": "center",
        "backgroundColor": "#380F1F",
        "borderColor": "#FF8EB6",
        "borderRadius": 14,
        "borderWidth": 2,
        "flex": 1,
        "flexDirection": "row",
        "marginVertical": 8,
      }
    }
  >
    <TextInput
      autoCapitalize="none"
      autoFocus={true}
      cursorColor="#EDEEF0"
      enablesReturnKeyAutomatically={true}
      enterKeyHint="search"
      inputMode="search"
      maxLength={256}
      onSubmitEditing={[Function]}
      placeholder="Try typing "Irish""
      placeholderTextColor="#FF8EB6"
      returnKeyType="search"
      style={
        [
          {
            "color": "#EDEEF0",
            "flex": 1,
            "height": 48,
          },
          {
            "paddingHorizontal": 8,
          },
        ]
      }
      submitBehavior="blurAndSubmit"
      testID="search-input"
    />
  </View>
  <RNGestureHandlerButton
    collapsable={false}
    enabled={true}
    hitSlop={
      {
        "bottom": 0,
        "left": 0,
        "right": 0,
        "top": 0,
      }
    }
    rippleColor={0}
    style={
      [
        {},
        {
          "alignItems": "center",
          "borderColor": "#FF8EB6",
          "borderRadius": 24,
          "borderWidth": 2,
          "height": 48,
          "justifyContent": "center",
          "width": 48,
        },
      ]
    }
  >
    <ViewManagerAdapter_SymbolModule
      animated={false}
      colors={[]}
      name="mic"
      resizeMode="scaleAspectFit"
      style={
        [
          {
            "height": 24,
            "width": 24,
          },
          [
            {
              "height": 24,
              "width": 24,
            },
            undefined,
          ],
        ]
      }
      tintColor="#EDEEF0"
      type="monochrome"
      weight="regular"
    />
  </RNGestureHandlerButton>
</View>
`;
